[     830ms] [INFO] exp_bucket cookie is not set or has an invalid value. DTNR observability will not be initialized. @ https://totalwar.fandom.com/__cb445012301932981/resources-ucp/mw143/dist/scripts/dtnr-observability.js:0
[     943ms] [WARNING] This page is using the deprecated ResourceLoader module "skin.fandomdesktop.styles".
[1.43] The use of the `interface-message-box` feature with SkinModule is deprecated in favor of CodexModule. Please remove this feature.More information can be found at [[mw:Manual:ResourceLoaderSkinModule]].  @ https://totalwar.fandom.com/wiki/Total_War:_Shogun_2:3172
[    1100ms] [WARNING] [GPT] PubAdsService.setTargeting is deprecated, use googletag.setConfig({targeting: ...}) instead.
https://goo.gle/gpt-message#170 @ https://securepubads.g.doubleclick.net/pagead/managed/js/gpt/m202607160101/pubads_impl.js?cb=31099817:18
[    1210ms] [WARNING] [GPT] Slot.clearTargeting is deprecated, use Slot.setConfig({targeting: ...}) instead.
https://goo.gle/gpt-message#171 @ https://securepubads.g.doubleclick.net/pagead/managed/js/gpt/m202607160101/pubads_impl.js?cb=31099817:18
[    1292ms] [ERROR] Failed to load resource: the server responded with a status of 404 () @ https://services.fandom.com/galactus-user-profile/profiles/Hn65LMAiXp:0
[    1423ms] [WARNING] This page is using the deprecated ResourceLoader module "mediawiki.Uri".
[1.43] Please use browser native URL. See https://www.mediawiki.org/wiki/Migrating_mw.Uri_to_URL @ https://totalwar.fandom.com/load.php?cb=20260204185255&lang=en&modules=startup&only=scripts&raw=1&skin=fandomdesktop:0
[    1575ms] [LOG] %cPathfinder | 1.5677s | Rendered modules color: #fff;padding: 2px 4px;border-radius: 2px;background-color: #334 [marketing-notifications] @ https://static.wikia.nocookie.net/silversurfer/prod/latest/pathfinder.js:0
[    1576ms] [LOG] PHQ=false @ https://static.wikia.nocookie.net/silversurfer/prod/latest/pathfinder.js:0
[    2252ms] [WARNING] Use of "document.write" is deprecated. Use jQuery or mw.loader.load instead. @ :1
[    2253ms] [WARNING] Use of "document.writeln" is deprecated. Use jQuery or mw.loader.load instead. @ :1
[    2440ms] [LOG] PLSUB init called 17849993470999221 @ https://cdn-gl.imrworldwide.com/novms/js/2/nlsSDK600.bundle.min.js:5
[    2557ms] [INFO] [REFRESH PATCH] pubads.refresh patched @ https://static.anonymised.io/light/loader.js?ref=aps&d=totalwar.fandom.com:6
[    2823ms] [INFO] [REFRESH PATCH] Injecting targeting {key: AnonymisedSignalLift, value: 0} @ https://static.anonymised.io/light/loader.js?ref=aps&d=totalwar.fandom.com:6
[    2902ms] [ERROR] Failed to load resource: net::ERR_CONNECTION_REFUSED @ https://g2.gumgum.com/hbid/imp?displaymanager=Prebid.js:0
[    3071ms] [LOG] Starting 3pc test @ https://static.anonm.io/light/check3pc.html:10
[    3072ms] [LOG] 3PC enabled: true @ https://static.anonm.io/light/check3pc.html:33
[    3072ms] [LOG] Storage API: cookie access granted @ https://static.anonm.io/light/check3pc.html:16
[    3119ms] [INFO] [REFRESH PATCH] Injecting targeting {key: AnonymisedSignalLift, value: 0} @ https://static.anonymised.io/light/loader.js?ref=aps&d=totalwar.fandom.com:6
[    3152ms] [ERROR] Failed to load resource: net::ERR_CONNECTION_REFUSED @ https://ad-delivery.net/px.gif?ch=2:0
[    3152ms] [ERROR] Failed to load resource: net::ERR_CONNECTION_REFUSED @ https://ad-delivery.net/px.gif?ch=1&e=0.4195652834803928:0
[    3267ms] [INFO] [REFRESH PATCH] Injecting targeting {key: AnonymisedSignalLift, value: 0} @ https://static.anonymised.io/light/loader.js?ref=aps&d=totalwar.fandom.com:6
[    3388ms] [ERROR] Failed to load resource: net::ERR_CONNECTION_REFUSED @ https://hbopenbid.pubmatic.com/translator?source=prebid-client&gzip=1:0
[    4436ms] [LOG] AnonRetargeting: found 0 segment definitions for current page @ https://cdn1.anonymised.io/light/retargeting.js?v=1.8.64:0
[    4682ms] [WARNING] react-i18next:: You will need to pass in an i18next instance by using initReactI18next @ https://auth.fandom.com/_next/static/chunks/pages/_app-e5f63894d7109ea8.js:0
[    4692ms] [LOG] %cSilverSurfer | 3.2336s | Manual pageview is enabled background-color: silver;;padding: 2px 4px;border-radius: 2px;color: #000 @ https://static.wikia.nocookie.net/silversurfer/prod/latest/sdk.js:0
[    5247ms] [WARNING] [GSI_LOGGER]: Your client application may not display Google One Tap when FedCM becomes mandatory. Opt-in to FedCM to test that you have the proper cross-origin permission policy set up. Ignore this message if One Tap is displayed after opt-in to FedCM. Learn more: (https://developers.google.com/identity/gsi/web/guides/fedcm-migration?s=dc#cross_origin) @ https://accounts.google.com/gsi/client:86
[    5247ms] [WARNING] [GSI_LOGGER]: Your client application uses one of the Google One Tap prompt UI status methods that may stop functioning when FedCM becomes mandatory. Refer to the migration guide to update your code accordingly and opt-in to FedCM to test your changes. Learn more: https://developers.google.com/identity/gsi/web/guides/fedcm-migration?s=dc#display_moment and https://developers.google.com/identity/gsi/web/guides/fedcm-migration?s=dc#skipped_moment @ https://accounts.google.com/gsi/client:86
[    5263ms] [ERROR] Not signed in with the identity provider. @ https://auth.fandom.com/auth/onetap/init?uselang=en&wikiId=1491&vertical=games&metadata=one-tap&redirect=https%3A%2F%2Ftotalwar.fandom.com%2Fwiki%2FTotal_War%3A_Shogun_2:0
[    5604ms] [ERROR] Refused to execute script from 'https://eb2.3lift.com/getuid?gpp=undefined&gpp_sid=undefined&gdpr=0&gdpr_consent=null&us_privacy=null&redir=https%3a%2f%2fcks.connatix.com%2fcks%3fpid%3d25%26ev%3d3-17548870f5124c98b38f6af2ab93a888%26pname%3dTripleLift%26api-tier%3d1%26uid%3d%24UID' because its MIME type ('image/gif') is not executable. @ https://totalwar.fandom.com/wiki/Total_War:_Shogun_2:0
[    5667ms] [ERROR] Syncing cannot be made with  https://eb2.3lift.com/getuid?gpp=undefined&gpp_sid=undefined&gdpr=0&gdpr_consent=null&us_privacy=null&redir=https%3a%2f%2fcks.connatix.com%2fcks%3fpid%3d25%26ev%3d3-17548870f5124c98b38f6af2ab93a888%26pname%3dTripleLift%26api-tier%3d1%26uid%3d%24UID @ https://cds.connatix.com/p/556080500/cSyncRemote.js:0
[    5691ms] [ERROR] Refused to execute script from 'https://srv.bidgx.com/sync?p=connatix&uid=3-17548870f5124c98b38f6af2ab93a888&redir=https%3A%2F%2Fcks.connatix.com%2Fcks%3Fpid%3D58%26ev%3D3-17548870f5124c98b38f6af2ab93a888%26pname%3DBidgency%26api-tier%3D1%26uid%3D%24UID&gdpr=0' because its MIME type ('image/gif') is not executable. @ https://totalwar.fandom.com/wiki/Total_War:_Shogun_2:0
[    5724ms] [ERROR] Syncing cannot be made with  https://srv.bidgx.com/sync?p=connatix&uid=3-17548870f5124c98b38f6af2ab93a888&redir=https%3A%2F%2Fcks.connatix.com%2Fcks%3Fpid%3D58%26ev%3D3-17548870f5124c98b38f6af2ab93a888%26pname%3DBidgency%26api-tier%3D1%26uid%3D%24UID&gdpr=0 @ https://cds.connatix.com/p/556080500/cSyncRemote.js:0
[    5990ms] [ERROR] Refused to execute script from 'https://dis.criteo.com/dis/usersync.aspx?r=73&p=342&dis=0&url=https%3a%2f%2fssp-sync.criteo.com%2fuser-sync%2fredirect%3fuid%3d%40%40CRITEO_USERID%40%40%26dised%3dtrue%26gdpr%3dnull%26gdprapplies%3dFalse%26ccpa%3dnull%26gpp%3dundefined%26gpp_sid%3dundefined%26profile%3d342%26redir%3dhttps%253A%252F%252Fcks.connatix.com%252Fcks%253Fpid%253D61%2526ev%253D3-17548870f5124c98b38f6af2ab93a888%2526pname%253DCriteo%2526api-tier%253D1%2526uid%253D%2524%7bCRITEO_USER_ID%7d&gdpr=&gdpr_consent=null&gpp=undefined&gpp_sid=undefined' because its MIME type ('image/gif') is not executable. @ https://totalwar.fandom.com/wiki/Total_War:_Shogun_2:0
[    5991ms] [ERROR] Syncing cannot be made with  https://ssp-sync.criteo.com/user-sync/redirect?profile=342&gdprapplies=0&gdpr=null&ccpa=null&gpp=undefined&gpp_sid=undefined&redir=https%3a%2f%2fcks.connatix.com%2fcks%3fpid%3d61%26ev%3d3-17548870f5124c98b38f6af2ab93a888%26pname%3dCriteo%26api-tier%3d1%26uid%3D%24%7BCRITEO_USER_ID%7D @ https://cds.connatix.com/p/556080500/cSyncRemote.js:0
[    6106ms] [ERROR] Failed to load resource: the server responded with a status of 404 () @ https://services.fandom.com/galactus-user-profile/v2/profiles/me:0
[    6108ms] [ERROR] Refused to execute script from 'https://c1.adform.net/cookie?redirect_url=https%3A%2F%2Fcks.connatix.com%2Fcks%3Fpid%3D46%26ev%3D3-17548870f5124c98b38f6af2ab93a888%26pname%3DAdForm%26api-tier%3D1%26uid%3D%24UID&gdpr=0' because its MIME type ('image/gif') is not executable. @ https://totalwar.fandom.com/wiki/Total_War:_Shogun_2:0
[    6109ms] [WARNING] Anonymised tag: Initialization error: Error: Anonymised tag will not start. Not running in the top frame
    at https://static.anonymised.io/light/loader.js?ref=aps&d=totalwar.fandom.com:10:246
    at https://static.anonymised.io/light/loader.js?ref=aps&d=totalwar.fandom.com:10:2053
    at https://static.anonymised.io/light/loader.js?ref=aps&d=totalwar.fandom.com:10:2057 @ https://static.anonymised.io/light/loader.js?ref=aps&d=totalwar.fandom.com:9
[    6114ms] [ERROR] Syncing cannot be made with  https://c1.adform.net/cookie?redirect_url=https%3A%2F%2Fcks.connatix.com%2Fcks%3Fpid%3D46%26ev%3D3-17548870f5124c98b38f6af2ab93a888%26pname%3DAdForm%26api-tier%3D1%26uid%3D%24UID&gdpr=0 @ https://cds.connatix.com/p/556080500/cSyncRemote.js:0
[    6402ms] [ERROR] [GSI_LOGGER]: FedCM get() rejects with NetworkError: Error retrieving a token. @ https://accounts.google.com/gsi/client:87
[    6726ms] [ERROR] Failed to load resource: the server responded with a status of 503 () @ https://sync-amz.ads.yieldmo.com/tamptsync?callback=https%3A%2F%2Fs.amazon-adsystem.com%2Fecm3%3Fex%3Dym.com%26id%3D%24UID&gdpr=0:0
[    7333ms] [ERROR] Failed to load resource: the server responded with a status of 404 (Not Found) @ https://b1sync.zemanta.com/usersync/ogury/?gdpr=0&gdpr_consent=&cb=https%3A%2F%2Fms-cookie-sync.presage.io%2Fuser-sync%3Foutbrain_id%3D__ZUID__:0
[    6726ms] [ERROR] Failed to load resource: the server responded with a status of 503 () @ https://sync-amz.ads.yieldmo.com/tamptsync?callback=https%3A%2F%2Fs.amazon-adsystem.com%2Fecm3%3Fex%3Dym.com%26id%3D%24UID&gdpr=0:0
[    7469ms] [ERROR] Failed to load resource: the server responded with a status of 503 () @ https://sync-amz.ads.yieldmo.com/tamptsync?callback=https%3A%2F%2Fs.amazon-adsystem.com%2Fecm3%3Fex%3Dym.com%26id%3D%24UID&gdpr=0:0
[    7333ms] [ERROR] Failed to load resource: the server responded with a status of 404 (Not Found) @ https://b1sync.zemanta.com/usersync/ogury/?gdpr=0&gdpr_consent=&cb=https%3A%2F%2Fms-cookie-sync.presage.io%2Fuser-sync%3Foutbrain_id%3D__ZUID__:0
[    7681ms] [ERROR] Failed to load resource: net::ERR_CONNECTION_REFUSED @ https://pxl.iqm.com/s/c/jwx?cId=3-17548870f5124c98b38f6af2ab93a888&redir=https%3A%2F%2Fcapi.connatix.com%2Fcore%2Fus%3FDemandPartner%3D76%26UserId%3D3-17548870f5124c98b38f6af2ab93a888%26DemandPartnerName%3DIQM%26tier%3D1%26uid%3D%7BIQM_COOKIE%7D&gdpr=0:0
[    7681ms] [ERROR] Syncing cannot be made with  https://pxl.iqm.com/s/c/jwx?cId=3-17548870f5124c98b38f6af2ab93a888&redir=https%3A%2F%2Fcapi.connatix.com%2Fcore%2Fus%3FDemandPartner%3D76%26UserId%3D3-17548870f5124c98b38f6af2ab93a888%26DemandPartnerName%3DIQM%26tier%3D1%26uid%3D%7BIQM_COOKIE%7D&gdpr=0 @ https://cds.connatix.com/p/556080500/cSyncRemote.js:0
[    6726ms] [ERROR] Failed to load resource: the server responded with a status of 503 () @ https://sync-amz.ads.yieldmo.com/tamptsync?callback=https%3A%2F%2Fs.amazon-adsystem.com%2Fecm3%3Fex%3Dym.com%26id%3D%24UID&gdpr=0:0
[    7469ms] [ERROR] Failed to load resource: the server responded with a status of 503 () @ https://sync-amz.ads.yieldmo.com/tamptsync?callback=https%3A%2F%2Fs.amazon-adsystem.com%2Fecm3%3Fex%3Dym.com%26id%3D%24UID&gdpr=0:0
[    7726ms] [ERROR] Failed to load resource: the server responded with a status of 503 () @ https://sync-amz.ads.yieldmo.com/tamptsync?callback=https%3A%2F%2Fs.amazon-adsystem.com%2Fecm3%3Fex%3Dym.com%26id%3D%24UID&gdpr=0:0
[    7750ms] [ERROR] Failed to load resource: the server responded with a status of 404 (Not Found) @ https://b1sync.zemanta.com/usersync/ogury/?gdpr=0&gdpr_consent=&cb=https%3A%2F%2Fms-cookie-sync.presage.io%2Fuser-sync%3Foutbrain_id%3D__ZUID__:0
[    7816ms] [ERROR] Refused to execute script from 'https://capi.connatix.com/us/pixel?puid=4799682686386906473&pId=40&gdpr=0&gdpr_consent=' because its MIME type ('image/gif') is not executable. @ https://totalwar.fandom.com/wiki/Total_War:_Shogun_2:0
[    7816ms] [ERROR] Syncing cannot be made with  https://ssbsync.smartadserver.com/api/sync?callerId=6&nwid=3630&gdpr=0&gdpr_consent=null&url=https%3a%2f%2fcks.connatix.com%2fcks%3fpid%3d40%26ev%3d3-17548870f5124c98b38f6af2ab93a888%26pname%3dSmartAdServer%26api-tier%3d1%26uid%3D%5Bsas_uid%5D @ https://cds.connatix.com/p/556080500/cSyncRemote.js:0
[    8226ms] [ERROR] Failed to load resource: net::ERR_CONNECTION_REFUSED @ https://id5-sync.com/bounce:0
[    8477ms] [ERROR] Failed to load resource: net::ERR_CONNECTION_REFUSED @ https://id5-sync.com/gm/v3:0
[    8980ms] [ERROR] Failed to load resource: the server responded with a status of 400 (Bad Request) @ https://syncingbridge.com/user?gdpr=0&gdpr_consent=&p=2&redirect=https%3A%2F%2Fms-cookie-sync.presage.io%2Fuser-sync%3Fgdpr_consent%3D%26gdpr%3D0%26brave_id%3D%7BUID%7D:0
[    8980ms] [ERROR] Failed to load resource: the server responded with a status of 400 (Bad Request) @ https://syncingbridge.com/user?gdpr=0&gdpr_consent=&p=2&redirect=https%3A%2F%2Fms-cookie-sync.presage.io%2Fuser-sync%3Fgdpr_consent%3D%26gdpr%3D0%26brave_id%3D%7BUID%7D:0
[    7333ms] [ERROR] Failed to load resource: the server responded with a status of 404 (Not Found) @ https://b1sync.zemanta.com/usersync/ogury/?gdpr=0&gdpr_consent=&cb=https%3A%2F%2Fms-cookie-sync.presage.io%2Fuser-sync%3Foutbrain_id%3D__ZUID__:0
[    7750ms] [ERROR] Failed to load resource: the server responded with a status of 404 (Not Found) @ https://b1sync.zemanta.com/usersync/ogury/?gdpr=0&gdpr_consent=&cb=https%3A%2F%2Fms-cookie-sync.presage.io%2Fuser-sync%3Foutbrain_id%3D__ZUID__:0
[    8980ms] [ERROR] Failed to load resource: the server responded with a status of 400 (Bad Request) @ https://syncingbridge.com/user?gdpr=0&gdpr_consent=&p=2&redirect=https%3A%2F%2Fms-cookie-sync.presage.io%2Fuser-sync%3Fgdpr_consent%3D%26gdpr%3D0%26brave_id%3D%7BUID%7D:0
[    8980ms] [ERROR] Failed to load resource: the server responded with a status of 400 (Bad Request) @ https://syncingbridge.com/user?gdpr=0&gdpr_consent=&p=2&redirect=https%3A%2F%2Fms-cookie-sync.presage.io%2Fuser-sync%3Fgdpr_consent%3D%26gdpr%3D0%26brave_id%3D%7BUID%7D:0
[    9894ms] [ERROR] Failed to load resource: the server responded with a status of 400 (Bad Request) @ https://syncingbridge.com/user?gdpr=0&gdpr_consent=&usp_consent=&p=11&redirect=https%3A%2F%2Fsync.inmobi.com%2Fsetuid%3FbidderID%3D869%26dspUserId%3D%7BUID%7D:0
[    9898ms] [ERROR] Failed to load resource: net::ERR_CERT_DATE_INVALID @ https://measureadv.com/user?gdpr=0&gdpr_consent=&usp_consent=&p=4:0
[   10718ms] [ERROR] Failed to load resource: the server responded with a status of 400 (Bad Request) @ https://syncingbridge.com/user?gdpr=0&gdpr_consent=&usp_consent=&p=14&redirect=https%3A%2F%2Fcs.startappnetwork.com%2Fset-uid%3Fp%3Dmwr5ggjy%26uid%3D%7BUID%7D:0
[   11860ms] [ERROR] Failed to load resource: net::ERR_CONNECTION_REFUSED @ https://ads.pubmatic.com/AdServer/js/userSync.js:0
[   12082ms] [ERROR] Failed to load resource: net::ERR_CONNECTION_REFUSED @ https://ads.pubmatic.com/AdServer/js/userSync.js:0
[   11937ms] [ERROR] Failed to load resource: net::ERR_CONNECTION_REFUSED @ https://id5-sync.com/s/1854/9.gif?puid=baf7a123-b817-4834-a384-e1892da9eb8f&gdpr=0&gdpr_consent=&gpp=&gpp_sid=&us_privacy=:0
[   11984ms] [ERROR] Failed to load resource: net::ERR_CONNECTION_REFUSED @ https://ads.pubmatic.com/AdServer/js/user_sync.html?p=159035&gdpr=0&gdpr_consent=&userIdMacro=(PM_UID)&predirect=https%3A%2F%2Fsync.inmobi.com%2Fsetuid%3FbidderID%3DID5-SEA-76%26dspUserId%3D(PM_UID):0
[   11984ms] [ERROR] Failed to load resource: net::ERR_CERT_DATE_INVALID @ https://measureadv.com/user?gdpr=0&gdpr_consent=&usp_consent=&p=4:0
[   11986ms] [ERROR] Failed to load resource: the server responded with a status of 400 (Bad Request) @ https://syncingbridge.com/user?gdpr=0&gdpr_consent=&usp_consent=&p=11&redirect=https%3A%2F%2Fsync.inmobi.com%2Fsetuid%3FbidderID%3D869%26dspUserId%3D%7BUID%7D:0
[   11986ms] [ERROR] Failed to load resource: net::ERR_CONNECTION_REFUSED @ https://ads.pubmatic.com/AdServer/js/user_sync.html?p=159035&gdpr=0&gdpr_consent=&userIdMacro=(PM_UID)&predirect=https%3A%2F%2Fsync.inmobi.com%2Fsetuid%3FbidderID%3DID5-SEA-76%26dspUserId%3D(PM_UID):0
[   13207ms] [ERROR] Failed to load resource: the server responded with a status of 404 (Not Found) @ https://csync.copper6.com/fbd260923f6815f04a34938c00400dd6.gif?gdpr=0&gdpr_consent=&redir=https%3A%2F%2Fs.ad.smaato.net%2Fc%2F%3FdspId%3D1248%26dspCookie%3D%5BUID%5D%26gdpr%3D0%26gdpr_consent%3D:0
[   14892ms] [ERROR] %cSilverSurfer | 14.8847s | Cross domain timeout background-color: silver;;padding: 2px 4px;border-radius: 2px;color: #300 @ https://static.wikia.nocookie.net/silversurfer/prod/latest/sdk.js:0
[   13607ms] [ERROR] Attestation check for Shared Storage on https://www.googleadservices.com failed. @ https://www.googleadservices.com/pagead/managed/js/activeview/current/reach_worklet.html:0
[   13925ms] [ERROR] Attestation check for Shared Storage on https://www.googleadservices.com failed. @ https://www.googleadservices.com/pagead/managed/js/activeview/current/reach_worklet.html:0
[   16388ms] [ERROR] Failed to load resource: net::ERR_CONNECTION_REFUSED @ https://image2.pubmatic.com/AdServer/Pug?vcode=bz0yJnR5cGU9MSZjb2RlPTIxNzcmdGw9MTI5NjAw&gdpr=0&gdpr_consent=&piggybackCookie=CAESEDxi9HL7tZ8Rnsm-Q7HTFSA&google_cver=1:0
[   16388ms] [ERROR] Failed to load resource: net::ERR_CONNECTION_REFUSED @ https://image2.pubmatic.com/AdServer/Pug?vcode=bz0yJnR5cGU9MSZjb2RlPTIxNzcmdGw9MTI5NjAw&gdpr=0&gdpr_consent=&piggybackCookie=CAESEDxi9HL7tZ8Rnsm-Q7HTFSA&google_cver=1:0
[   16695ms] [ERROR] Attestation check for Shared Storage on https://www.googleadservices.com failed. @ https://www.googleadservices.com/pagead/managed/js/activeview/current/reach_worklet.html:0
[   16697ms] [ERROR] Attestation check for Shared Storage on https://www.googleadservices.com failed. @ https://www.googleadservices.com/pagead/managed/js/activeview/current/reach_worklet.html:0
[   17620ms] [ERROR] Failed to load resource: net::ERR_CONNECTION_REFUSED @ https://image4.pubmatic.com/AdServer/SPug?p=160318&pmc=1&pr=https%3A%2F%2Fevt.undertone.com%2FuserPixel%2Fsync%3FpartnerId%3D53%26uid%3DDA1AE7EE-CB29-4C5E-B394-315E65D283D4:0
[   17593ms] [ERROR] Failed to load resource: net::ERR_NAME_NOT_RESOLVED @ https://cs.lkqd.net/cs?partnerId=109&partnerUserId=99572e9d90&gdpr=0&gdpr_consent=:0
[   17594ms] [ERROR] Failed to load resource: net::ERR_CONNECTION_REFUSED @ https://image2.pubmatic.com/AdServer/Pug?vcode=bz0yJnR5cGU9MSZjb2RlPTMyOTcmdGw9MTI5NjAw&piggybackCookie=AAGkHU7UydsAAAFwAt3BUg&r=https%3A%2F%2Fmatch.prod.bidr.io%2Fcookie-sync%3Fbee_sync_partners%3Ddtech%252Csas%252Cpp%252Cox%26bee_sync_current_partner%3Dpm%26bee_sync_initiator%3Dadx%26bee_sync_hop_count%3D2:0
[   19004ms] [ERROR] Attestation check for Shared Storage on https://www.googleadservices.com failed. @ https://www.googleadservices.com/pagead/managed/js/activeview/current/reach_worklet.html:0
[   19046ms] [ERROR] Failed to load resource: net::ERR_CONNECTION_REFUSED @ https://ads.pubmatic.com/AdServer/js/user_sync.html?p=156578&predirect=&gdpr=0&gdpr_consent=&google_gid=CAESEFcytOSzdOuVJ3evhVeKieU&google_cver=1:0
[   19008ms] [ERROR] Failed to load resource: net::ERR_CONNECTION_REFUSED @ https://image4.pubmatic.com/AdServer/SPug?gdpr=0&gdpr_consent=&p=164125&pmc=1&pr=https%3A%2F%2Fs.ad.smaato.net%2Fc%2F%3FdspId%3D1405%26dspCookie%3DDA1AE7EE-CB29-4C5E-B394-315E65D283D4:0
[   20465ms] [ERROR] Failed to load resource: net::ERR_CONNECTION_REFUSED @ https://d.adroll.com/cm/index/tp_out?advertisable=3GMDZMBFQREVBC75SYYKWH:0
[    6726ms] [ERROR] Failed to load resource: the server responded with a status of 503 () @ https://sync-amz.ads.yieldmo.com/tamptsync?callback=https%3A%2F%2Fs.amazon-adsystem.com%2Fecm3%3Fex%3Dym.com%26id%3D%24UID&gdpr=0:0
[    7469ms] [ERROR] Failed to load resource: the server responded with a status of 503 () @ https://sync-amz.ads.yieldmo.com/tamptsync?callback=https%3A%2F%2Fs.amazon-adsystem.com%2Fecm3%3Fex%3Dym.com%26id%3D%24UID&gdpr=0:0
[    7726ms] [ERROR] Failed to load resource: the server responded with a status of 503 () @ https://sync-amz.ads.yieldmo.com/tamptsync?callback=https%3A%2F%2Fs.amazon-adsystem.com%2Fecm3%3Fex%3Dym.com%26id%3D%24UID&gdpr=0:0
[   24234ms] [ERROR] Failed to load resource: the server responded with a status of 503 () @ https://sync-amz.ads.yieldmo.com/tamptsync?callback=https%3A%2F%2Fs.amazon-adsystem.com%2Fecm3%3Fex%3Dym.com%26id%3D%24UID&gdpr=0:0
[   24560ms] [ERROR] Failed to load resource: net::ERR_CONNECTION_REFUSED @ https://hbopenbid.pubmatic.com/translator?:0
