[     715ms] Error: Minified React error #418; visit https://react.dev/errors/418?args[]=HTML&args[]= for the full message or use the non-minified dev environment for full errors and additional helpful warnings.
    at rT (https://www.nexusmods.com/_next/static/chunks/85b134495b411582.js:1:42495)
    at oV (https://www.nexusmods.com/_next/static/chunks/85b134495b411582.js:1:91819)
    at iy (https://www.nexusmods.com/_next/static/chunks/85b134495b411582.js:1:121935)
    at https://www.nexusmods.com/_next/static/chunks/85b134495b411582.js:1:117983
    at il (https://www.nexusmods.com/_next/static/chunks/85b134495b411582.js:1:118084)
    at iq (https://www.nexusmods.com/_next/static/chunks/85b134495b411582.js:1:140181)
    at MessagePort.T (https://www.nexusmods.com/_next/static/chunks/85b134495b411582.js:1:5606)
[    1155ms] [WARNING] [GPT] PubAdsService.setTargeting is deprecated, use googletag.setConfig({targeting: ...}) instead.
https://goo.gle/gpt-message#170 @ https://securepubads.g.doubleclick.net/pagead/managed/js/gpt/m202607150101/pubads_impl.js?cb=31099787:18
[    1533ms] [LOG] [56, 1, 0, 2] @ https://cdn.intergi.com/pf?country=IL&browser=Chrome&device=desktop&website_id=76844:0
[    1533ms] [LOG] [56, 1, 0, 2] @ https://cdn.intergi.com/pf?country=IL&browser=Chrome&device=desktop&website_id=76844:0
[    1539ms] [LOG] [56, 1, 0, 4] @ https://cdn.intergi.com/pf?country=IL&browser=Chrome&device=desktop&website_id=76844:0
[    1539ms] [LOG] [56, 1, 0, 2] @ https://cdn.intergi.com/pf?country=IL&browser=Chrome&device=desktop&website_id=76844:0
[    1541ms] [LOG] [56, 1, 0, 5] @ https://cdn.intergi.com/pf?country=IL&browser=Chrome&device=desktop&website_id=76844:0
[    1541ms] [LOG] [56, 1, 0, 2] @ https://cdn.intergi.com/pf?country=IL&browser=Chrome&device=desktop&website_id=76844:0
[    1543ms] [LOG] [56, 1, 0, 8] @ https://cdn.intergi.com/pf?country=IL&browser=Chrome&device=desktop&website_id=76844:0
[    1543ms] [LOG] [56, 1, 0, 2] @ https://cdn.intergi.com/pf?country=IL&browser=Chrome&device=desktop&website_id=76844:0
[    1544ms] [LOG] [56, 1, 0, 3] @ https://cdn.intergi.com/pf?country=IL&browser=Chrome&device=desktop&website_id=76844:0
[    1544ms] [LOG] [56, 1, 0, 2] @ https://cdn.intergi.com/pf?country=IL&browser=Chrome&device=desktop&website_id=76844:0
[    1546ms] [WARNING] Invalid GPT fixed size specification: [] @ https://securepubads.g.doubleclick.net/pagead/managed/js/gpt/m202607150101/pubads_impl.js?cb=31099787:18
[    1546ms] [LOG] [56, 1, 0, 1] @ https://cdn.intergi.com/pf?country=IL&browser=Chrome&device=desktop&website_id=76844:0
[    1546ms] [LOG] [56, 1, 0, 2] @ https://cdn.intergi.com/pf?country=IL&browser=Chrome&device=desktop&website_id=76844:0
[    1547ms] [WARNING] Invalid GPT fixed size specification: [] @ https://securepubads.g.doubleclick.net/pagead/managed/js/gpt/m202607150101/pubads_impl.js?cb=31099787:18
[    1548ms] [LOG] [56, 1, 0, 6] @ https://cdn.intergi.com/pf?country=IL&browser=Chrome&device=desktop&website_id=76844:0
[    1548ms] [LOG] [56, 1, 0, 2] @ https://cdn.intergi.com/pf?country=IL&browser=Chrome&device=desktop&website_id=76844:0
[    1559ms] [WARNING] [GPT] Slot.getTargeting is deprecated, use Slot.getConfig('targeting') instead.
https://goo.gle/gpt-message#201 @ https://securepubads.g.doubleclick.net/pagead/managed/js/gpt/m202607150101/pubads_impl.js?cb=31099787:18
[    1576ms] Uncaught (in promise) No locationSelector set in the rules.
    at <anonymous> (https://cdn.intergient.com/pageos/V.20260720.1/pageos.js:1:131257)
[    1576ms] Uncaught (in promise) No locationSelector set in the rules.
    at <anonymous> (https://cdn.intergient.com/pageos/V.20260720.1/pageos.js:1:131257)
[    1576ms] Uncaught (in promise) No locationSelector set in the rules.
    at <anonymous> (https://cdn.intergient.com/pageos/V.20260720.1/pageos.js:1:131094)
[    1633ms] [ERROR] Failed to load resource: the server responded with a status of 451 () @ https://api.rlcdn.com/api/identity/envelope?pid=13250:0
[    1710ms] [ERROR] Attestation check for Protected Audience on https://htlb.casalemedia.com failed. @ https://www.nexusmods.com/games/farmingsimulator25/mods:0
[    1710ms] [ERROR] Attestation check for Protected Audience on https://rtb.openx.net failed. @ https://www.nexusmods.com/games/farmingsimulator25/mods:0
[    1710ms] [ERROR] Attestation check for Protected Audience on https://ib.adnxs.com failed. @ https://www.nexusmods.com/games/farmingsimulator25/mods:0
[    1710ms] [ERROR] Attestation check for Protected Audience on https://ib.adnxs.com failed. @ https://www.nexusmods.com/games/farmingsimulator25/mods:0
[    1710ms] [ERROR] Attestation check for Protected Audience on https://prebid.media.net failed. @ https://www.nexusmods.com/games/farmingsimulator25/mods:0
[    1710ms] [ERROR] Attestation check for Protected Audience on https://s.seedtag.com failed. @ https://www.nexusmods.com/games/farmingsimulator25/mods:0
[    1710ms] [ERROR] Attestation check for Protected Audience on https://tlx.3lift.com failed. @ https://www.nexusmods.com/games/farmingsimulator25/mods:0
[    1710ms] [ERROR] Attestation check for Protected Audience on https://g2.gumgum.com failed. @ https://www.nexusmods.com/games/farmingsimulator25/mods:0
[    1710ms] [ERROR] Attestation check for Protected Audience on https://g2.gumgum.com failed. @ https://www.nexusmods.com/games/farmingsimulator25/mods:0
[    1710ms] [ERROR] Attestation check for Protected Audience on https://g2.gumgum.com failed. @ https://www.nexusmods.com/games/farmingsimulator25/mods:0
[    1710ms] [ERROR] Attestation check for Protected Audience on https://g2.gumgum.com failed. @ https://www.nexusmods.com/games/farmingsimulator25/mods:0
[    1711ms] [ERROR] Attestation check for Protected Audience on https://btlr.sharethrough.com failed. @ https://www.nexusmods.com/games/farmingsimulator25/mods:0
[    1711ms] [ERROR] Attestation check for Protected Audience on https://btlr.sharethrough.com failed. @ https://www.nexusmods.com/games/farmingsimulator25/mods:0
[    1711ms] [ERROR] Attestation check for Protected Audience on https://btlr.sharethrough.com failed. @ https://www.nexusmods.com/games/farmingsimulator25/mods:0
[    1711ms] [ERROR] Attestation check for Protected Audience on https://btlr.sharethrough.com failed. @ https://www.nexusmods.com/games/farmingsimulator25/mods:0
[    1712ms] [ERROR] Attestation check for Protected Audience on https://ssb-global.smartadserver.com failed. @ https://www.nexusmods.com/games/farmingsimulator25/mods:0
[    1712ms] [ERROR] Attestation check for Protected Audience on https://ssb-global.smartadserver.com failed. @ https://www.nexusmods.com/games/farmingsimulator25/mods:0
[    1712ms] [ERROR] Attestation check for Protected Audience on https://ssb-global.smartadserver.com failed. @ https://www.nexusmods.com/games/farmingsimulator25/mods:0
[    1712ms] [ERROR] Attestation check for Protected Audience on https://ssb-global.smartadserver.com failed. @ https://www.nexusmods.com/games/farmingsimulator25/mods:0
[    1712ms] [ERROR] Attestation check for Protected Audience on https://fastlane.rubiconproject.com failed. @ https://www.nexusmods.com/games/farmingsimulator25/mods:0
[    1712ms] [ERROR] Attestation check for Protected Audience on https://fastlane.rubiconproject.com failed. @ https://www.nexusmods.com/games/farmingsimulator25/mods:0
[    1712ms] [ERROR] Attestation check for Protected Audience on https://fastlane.rubiconproject.com failed. @ https://www.nexusmods.com/games/farmingsimulator25/mods:0
[    1712ms] [ERROR] Attestation check for Protected Audience on https://fastlane.rubiconproject.com failed. @ https://www.nexusmods.com/games/farmingsimulator25/mods:0
[    1712ms] [ERROR] Attestation check for Protected Audience on https://direct.adsrvr.org failed. @ https://www.nexusmods.com/games/farmingsimulator25/mods:0
[    1713ms] [ERROR] Attestation check for Protected Audience on https://hbopenbid.pubmatic.com failed. @ https://www.nexusmods.com/games/farmingsimulator25/mods:0
[    1715ms] [ERROR] Attestation check for Protected Audience on https://grid-bidder.criteo.com failed. @ https://www.nexusmods.com/games/farmingsimulator25/mods:0
[    1830ms] [ERROR] Failed to load resource: the server responded with a status of 400 () @ https://pbs.intergient.com/cookie_sync:0
[    1853ms] [WARNING] [GPT] Using deprecated googletag.encryptedSignalProviders. Please use googletag.secureSignalProviders instead.
https://goo.gle/gpt-message#155 @ https://securepubads.g.doubleclick.net/pagead/managed/js/gpt/m202607150101/pubads_impl.js?cb=31099787:18
[    2161ms] [ERROR] Failed to load resource: net::ERR_NAME_NOT_RESOLVED @ https://ssb-global.smartadserver.com/api/bid?callerId=169:0
[    2162ms] [ERROR] Failed to load resource: net::ERR_NAME_NOT_RESOLVED @ https://ssb-global.smartadserver.com/api/bid?callerId=169:0
[    2162ms] [ERROR] Failed to load resource: net::ERR_NAME_NOT_RESOLVED @ https://ssb-global.smartadserver.com/api/bid?callerId=169:0
[    2162ms] [ERROR] Failed to load resource: net::ERR_NAME_NOT_RESOLVED @ https://ssb-global.smartadserver.com/api/bid?callerId=169:0
[    3444ms] [ERROR] Failed to load resource: net::ERR_CONNECTION_REFUSED @ https://id5-sync.com/api/config/prebid:0
[    3491ms] [ERROR] Failed to load resource: net::ERR_CONNECTION_REFUSED @ https://ad-delivery.net/px.gif?ch=2&e=0.7085895851361681:0
[    3492ms] [ERROR] Failed to load resource: net::ERR_CONNECTION_REFUSED @ https://ad-delivery.net/px.gif?ch=1&e=0.3189846592793628:0
[    3569ms] [ERROR] Failed to load resource: net::ERR_CONNECTION_REFUSED @ https://id5-sync.com/api/config/prebid:0
[    3570ms] [ERROR] Failed to load resource: net::ERR_CONNECTION_REFUSED @ https://id5-sync.com/api/config/prebid:0
[    3709ms] [ERROR] Failed to load resource: net::ERR_CONNECTION_REFUSED @ https://id5-sync.com/bounce:0
[    3722ms] [ERROR] Failed to load resource: net::ERR_CONNECTION_REFUSED @ https://g2.gumgum.com/hbid/imp?displaymanager=Prebid.js%20-%20gumgum&displaymanagerver=10.29.1&lt=1784586542884&to=-180&aun=standard_iab_foot1&gpid=%2F154013155%2C23312345181%2F1025680%2F76844%2F1025680-w%3A76844-standard_iab%2F1025680-w%3A76844-standard_iab-ROS%2F1025680-w%3A76844-standard_iab-ROS-foot1&fp=0.11&fpc=USD&itype=site&clang=en&ccat=681%2CIAB19%2C596%2CIAB9-30%2C680&t=8ylgv2wd&pi=3&maxw=970&maxh=250&si=1111719&bf=300x250%2C320x50%2C320x100%2C336x280%2C400x116%2C600x90%2C728x90%2C900x113%2C970x90%2C970x250&ae=true&schain=1.0%2C1!playwire.com%2C1025680%2C1%2C%2C%2C&tId=u238cfee0-154b-4a3d-9756-d282d7255fb4&vw=1251&vh=1222&sw=2560&sh=1440&pu=https%3A%2F%2Fwww.nexusmods.com%2Fgames%2Ffarmingsimulator25%2Fmods&tpl=https%3A%2F%2Fwww.nexusmods.com%2Fgames%2Ffarmingsimulator25%2Fmods&ce=true&dpr=1.5&jcsi=%7B%22t%22%3A0%2C%22rq%22%3A8%2C%22pbv%22%3A%2210.29.1%22%7D&ogu=https%3A%2F%2Fnext.nexusmods.com%2Fgames%2Ffarmingsimulator25%2Fmods&ns=10240&ua=Mozilla%2F5.0%20(Windows%20NT%2010.0%3B%20Win64%3B%20x64)%20AppleWebKit%2F537.36%20(KHTML%2C%20like%20Gecko)%20Chrome%2F150.0.0.0%20Safari%2F537.36&sua=%7B%22source%22%3A1%2C%22platform%22%3A%7B%22brand%22%3A%22Windows%22%7D%2C%22browsers%22%3A%5B%7B%22brand%22%3A%22Not%3BA%3DBrand%22%2C%22version%22%3A%5B%228%22%5D%7D%2C%7B%22brand%22%3A%22Chromium%22%2C%22version%22%3A%5B%22150%22%5D%7D%2C%7B%22brand%22%3A%22Google%20Chrome%22%2C%22version%22%3A%5B%22150%22%5D%7D%5D%2C%22mobile%22%3A0%7D&dnt=0&lang=en:0
[    3723ms] [ERROR] Failed to load resource: net::ERR_CONNECTION_REFUSED @ https://g2.gumgum.com/hbid/imp?displaymanager=Prebid.js%20-%20gumgum&displaymanagerver=10.29.1&lt=1784586542884&to=-180&aun=standard_iab_cntr2&gpid=%2F154013155%2C23312345181%2F1025680%2F76844%2F1025680-w%3A76844-standard_iab%2F1025680-w%3A76844-standard_iab-ROS%2F1025680-w%3A76844-standard_iab-ROS-cntr2&fp=0.11&fpc=USD&itype=site&clang=en&ccat=681%2CIAB19%2C596%2CIAB9-30%2C680&t=8ylgv2wd&pi=3&maxw=300&maxh=250&si=1111719&bf=300x250&ae=true&schain=1.0%2C1!playwire.com%2C1025680%2C1%2C%2C%2C&tId=uba6d74e2-5674-4216-a657-84abfc7ef369&vw=1251&vh=1222&sw=2560&sh=1440&pu=https%3A%2F%2Fwww.nexusmods.com%2Fgames%2Ffarmingsimulator25%2Fmods&tpl=https%3A%2F%2Fwww.nexusmods.com%2Fgames%2Ffarmingsimulator25%2Fmods&ce=true&dpr=1.5&jcsi=%7B%22t%22%3A0%2C%22rq%22%3A8%2C%22pbv%22%3A%2210.29.1%22%7D&ogu=https%3A%2F%2Fnext.nexusmods.com%2Fgames%2Ffarmingsimulator25%2Fmods&ns=10240&ua=Mozilla%2F5.0%20(Windows%20NT%2010.0%3B%20Win64%3B%20x64)%20AppleWebKit%2F537.36%20(KHTML%2C%20like%20Gecko)%20Chrome%2F150.0.0.0%20Safari%2F537.36&sua=%7B%22source%22%3A1%2C%22platform%22%3A%7B%22brand%22%3A%22Windows%22%7D%2C%22browsers%22%3A%5B%7B%22brand%22%3A%22Not%3BA%3DBrand%22%2C%22version%22%3A%5B%228%22%5D%7D%2C%7B%22brand%22%3A%22Chromium%22%2C%22version%22%3A%5B%22150%22%5D%7D%2C%7B%22brand%22%3A%22Google%20Chrome%22%2C%22version%22%3A%5B%22150%22%5D%7D%5D%2C%22mobile%22%3A0%7D&dnt=0&lang=en:0
[    3723ms] [ERROR] Failed to load resource: net::ERR_CONNECTION_REFUSED @ https://g2.gumgum.com/hbid/imp?displaymanager=Prebid.js%20-%20gumgum&displaymanagerver=10.29.1&lt=1784586542883&to=-180&aun=pw-oop-bottom_rail&gpid=%2F154013155%2C23312345181%2F1025680%2F76844%2F1025680-w%3A76844-bottom_rail%2F1025680-w%3A76844-bottom_rail-ROS&fp=0.11&fpc=USD&itype=site&clang=en&ccat=681%2CIAB19%2C596%2CIAB9-30%2C680&t=8ylgv2wd&pi=2&ae=true&schain=1.0%2C1!playwire.com%2C1025680%2C1%2C%2C%2C&tId=u8c81febc-24cc-4d16-bd92-5b181f891b1d&vw=1251&vh=1222&sw=2560&sh=1440&pu=https%3A%2F%2Fwww.nexusmods.com%2Fgames%2Ffarmingsimulator25%2Fmods&tpl=https%3A%2F%2Fwww.nexusmods.com%2Fgames%2Ffarmingsimulator25%2Fmods&ce=true&dpr=1.5&jcsi=%7B%22t%22%3A0%2C%22rq%22%3A8%2C%22pbv%22%3A%2210.29.1%22%7D&ogu=https%3A%2F%2Fnext.nexusmods.com%2Fgames%2Ffarmingsimulator25%2Fmods&ns=10240&ua=Mozilla%2F5.0%20(Windows%20NT%2010.0%3B%20Win64%3B%20x64)%20AppleWebKit%2F537.36%20(KHTML%2C%20like%20Gecko)%20Chrome%2F150.0.0.0%20Safari%2F537.36&sua=%7B%22source%22%3A1%2C%22platform%22%3A%7B%22brand%22%3A%22Windows%22%7D%2C%22browsers%22%3A%5B%7B%22brand%22%3A%22Not%3BA%3DBrand%22%2C%22version%22%3A%5B%228%22%5D%7D%2C%7B%22brand%22%3A%22Chromium%22%2C%22version%22%3A%5B%22150%22%5D%7D%2C%7B%22brand%22%3A%22Google%20Chrome%22%2C%22version%22%3A%5B%22150%22%5D%7D%5D%2C%22mobile%22%3A0%7D&dnt=0&lang=en:0
[    3723ms] [ERROR] Failed to load resource: net::ERR_CONNECTION_REFUSED @ https://g2.gumgum.com/hbid/imp?displaymanager=Prebid.js%20-%20gumgum&displaymanagerver=10.29.1&lt=1784586542884&to=-180&aun=standard_iab_head1&gpid=%2F154013155%2C23312345181%2F1025680%2F76844%2F1025680-w%3A76844-standard_iab%2F1025680-w%3A76844-standard_iab-ROS%2F1025680-w%3A76844-standard_iab-ROS-head1&fp=0.11&fpc=USD&itype=site&clang=en&ccat=681%2CIAB19%2C596%2CIAB9-30%2C680&t=8ylgv2wd&pi=3&maxw=970&maxh=250&si=1111719&bf=300x250%2C320x50%2C320x100%2C320x106%2C336x280%2C600x90%2C728x90%2C970x90%2C970x250&ae=true&schain=1.0%2C1!playwire.com%2C1025680%2C1%2C%2C%2C&tId=u732605d4-3acc-4233-afe6-254483660a4a&vw=1251&vh=1222&sw=2560&sh=1440&pu=https%3A%2F%2Fwww.nexusmods.com%2Fgames%2Ffarmingsimulator25%2Fmods&tpl=https%3A%2F%2Fwww.nexusmods.com%2Fgames%2Ffarmingsimulator25%2Fmods&ce=true&dpr=1.5&jcsi=%7B%22t%22%3A0%2C%22rq%22%3A8%2C%22pbv%22%3A%2210.29.1%22%7D&ogu=https%3A%2F%2Fnext.nexusmods.com%2Fgames%2Ffarmingsimulator25%2Fmods&ns=10240&ua=Mozilla%2F5.0%20(Windows%20NT%2010.0%3B%20Win64%3B%20x64)%20AppleWebKit%2F537.36%20(KHTML%2C%20like%20Gecko)%20Chrome%2F150.0.0.0%20Safari%2F537.36&sua=%7B%22source%22%3A1%2C%22platform%22%3A%7B%22brand%22%3A%22Windows%22%7D%2C%22browsers%22%3A%5B%7B%22brand%22%3A%22Not%3BA%3DBrand%22%2C%22version%22%3A%5B%228%22%5D%7D%2C%7B%22brand%22%3A%22Chromium%22%2C%22version%22%3A%5B%22150%22%5D%7D%2C%7B%22brand%22%3A%22Google%20Chrome%22%2C%22version%22%3A%5B%22150%22%5D%7D%5D%2C%22mobile%22%3A0%7D&dnt=0&lang=en:0
[    3770ms] [ERROR] Failed to load resource: net::ERR_CONNECTION_REFUSED @ https://hbopenbid.pubmatic.com/translator?source=prebid-client&gzip=1:0
[    4452ms] [ERROR] Failed to load resource: net::ERR_CONNECTION_REFUSED @ https://id5-sync.com/gm/v3:0
[    5131ms] [ERROR] Attestation check for Shared Storage on https://www.googleadservices.com failed. @ https://www.googleadservices.com/pagead/managed/js/activeview/current/reach_worklet.html:0
[    5674ms] [ERROR] Attestation check for Shared Storage on https://www.googleadservices.com failed. @ https://www.googleadservices.com/pagead/managed/js/activeview/current/reach_worklet.html:0
[    5756ms] [ERROR] Failed to load resource: net::ERR_CONNECTION_REFUSED @ https://id5-sync.com/api/config/prebid:0
[    5941ms] [ERROR] Failed to load resource: net::ERR_CONNECTION_REFUSED @ https://ad-delivery.net/px.gif?ch=1&e=0.6090544791706937:0
[    7074ms] [ERROR] Failed to load resource: net::ERR_CONNECTION_REFUSED @ https://ads.travelaudience.com/google_pixel?google_gid=CAESEKsgg8FhepieMVOW6gT0B4Q&google_cver=1&google_push=AXcoOmSYVWOtmt2JHgtYcdkjHz23y_oEQHJVKm-9FaRHv_nlSKtFVMbfXPD95xCmUuQ8blZ8YaL9igeBTIcnvgGenW7IY4RRptQD:0
[    7511ms] [ERROR] Failed to load resource: net::ERR_CONNECTION_REFUSED @ https://pxl.iqm.com/i/ck/equativ?cid=SMART_USER_ID&redir=https%3A%2F%2Frtb-csync.smartadserver.com%2Fredir%2F%3Fissi%3D1%26partnerid%3D154%26partneruserid%3D%7BIQM_COOKIE%7D:0
[    7775ms] [ERROR] Failed to load resource: net::ERR_CONNECTION_REFUSED @ https://ads.creative-serving.com/bsw_sync?bidswitch_ssp_id=openx&bsw_custom_parameter=0a6fa519-7a43-48e7-a172-df2d4ec304ba&gdpr=&gdpr_consent=:0
[    7838ms] [ERROR] Failed to load resource: net::ERR_CONNECTION_REFUSED @ https://image2.pubmatic.com/AdServer/Pug?vcode=bz0yJnR5cGU9MSZjb2RlPTMyOTcmdGw9MTI5NjAw&piggybackCookie=AAHcOk7UvUIAAAHcDvagFg&r=https%3A%2F%2Fmatch.prod.bidr.io%2Fcookie-sync%3Fbee_sync_partners%3Ddtech%252Cpp%252Cox%26bee_sync_current_partner%3Dpm%26bee_sync_initiator%3Dadx%26bee_sync_hop_count%3D2:0
[    8041ms] [ERROR] Failed to load resource: net::ERR_CONNECTION_REFUSED @ https://id5-sync.com/i/102/9.gif:0
[    8792ms] [ERROR] Failed to load resource: net::ERR_CONNECTION_REFUSED @ https://ad-delivery.net/px.gif?ch=2&e=0.7446904803820282:0
[    8792ms] [ERROR] Failed to load resource: net::ERR_CONNECTION_REFUSED @ https://ad-delivery.net/px.gif?ch=1&e=0.7946413294314644:0
[    9011ms] [ERROR] Failed to load resource: net::ERR_CONNECTION_REFUSED @ https://bttrack.com/pixel/cookiesyncredir?rurl=https%3A%2F%2Frtb-csync.smartadserver.com%2Fredir%2F%3Fissi%3D1%26partnerid%3D176%26partneruserid%3D%7Bglobalid%7D:0
[    9307ms] [ERROR] Failed to load resource: net::ERR_CONNECTION_REFUSED @ https://d.adroll.com/cm/equativ/tp_out?advertisable=3GMDZMBFQREVBC75SYYKWH:0
[   10038ms] [ERROR] Failed to load resource: net::ERR_CONNECTION_REFUSED @ https://hbopenbid.pubmatic.com/translator?:0
[   11251ms] [ERROR] Failed to load resource: net::ERR_CONNECTION_REFUSED @ https://ad-delivery.net/px.gif?ch=1&e=0.09173476324950158:0
[   13692ms] [ERROR] Failed to load resource: net::ERR_CONNECTION_REFUSED @ https://ad-delivery.net/px.gif?ch=1&e=0.9886140391518385:0
[   16135ms] [ERROR] Failed to load resource: net::ERR_CONNECTION_REFUSED @ https://ad-delivery.net/px.gif?ch=1&e=0.2976013540934881:0
[   18578ms] [ERROR] Failed to load resource: net::ERR_CONNECTION_REFUSED @ https://ad-delivery.net/px.gif?ch=1&e=0.20444945780012902:0
[   20669ms] [ERROR] Failed to load resource: net::ERR_CONNECTION_REFUSED @ https://ml314.com/utsync.ashx?eid=50052&et=0&fp=2pJyRuurFvy9FdoU4nQu1LwpptL_05cSS5pWnugnZkzw&gdpr=0&gdpr_consent=&return=https%3A%2F%2Fps.eyeota.net%2Fmatch%3Fbid%3Dr8hrb20%26uid%3Dnil%26dc_rc%3D1%26dc_mr%3D5%26dc_orig%3Dirm51m1%26:0
[   20776ms] [ERROR] Failed to load resource: net::ERR_CONNECTION_REFUSED @ https://id5-sync.com/api/config/prebid:0
[   20777ms] [LOG] {} @ https://d2qlq4kdetaeuz.cloudfront.net/eyewise-id-module/eyewise-id-module-cookies-consent.js?token=dGVzdHRva2VuOg==:58
