warning: no text within stars
   ΓöîΓöÇ \\?\H:\Projects\modguides\rdr2-modlist\guide\00-foreword.typ:10:2
   Γöé
10 Γöé - **Wave 0** is designed for first-time or casual players. It recommends only
   Γöé   ^^
   Γöé
   = hint: using multiple consecutive stars (e.g. **) has no additional effect

warning: no text within stars
   ΓöîΓöÇ \\?\H:\Projects\modguides\rdr2-modlist\guide\00-foreword.typ:10:10
   Γöé
10 Γöé - **Wave 0** is designed for first-time or casual players. It recommends only
   Γöé           ^^
   Γöé
   = hint: using multiple consecutive stars (e.g. **) has no additional effect

warning: no text within stars
   ΓöîΓöÇ \\?\H:\Projects\modguides\rdr2-modlist\guide\00-foreword.typ:14:2
   Γöé
14 Γöé - **Wave 1** transforms the game with graphics enhancements, additional
   Γöé   ^^
   Γöé
   = hint: using multiple consecutive stars (e.g. **) has no additional effect

warning: no text within stars
   ΓöîΓöÇ \\?\H:\Projects\modguides\rdr2-modlist\guide\00-foreword.typ:14:10
   Γöé
14 Γöé - **Wave 1** transforms the game with graphics enhancements, additional
   Γöé           ^^
   Γöé
   = hint: using multiple consecutive stars (e.g. **) has no additional effect

warning: no text within stars
   ΓöîΓöÇ \\?\H:\Projects\modguides\rdr2-modlist\guide\02-wave0-guide.typ:25:2
   Γöé
25 Γöé - **Chapter 1 (Colter):** Manual painting ΓÇö tag targets and fire
   Γöé   ^^
   Γöé
   = hint: using multiple consecutive stars (e.g. **) has no additional effect

warning: no text within stars
   ΓöîΓöÇ \\?\H:\Projects\modguides\rdr2-modlist\guide\02-wave0-guide.typ:25:23
   Γöé
25 Γöé - **Chapter 1 (Colter):** Manual painting ΓÇö tag targets and fire
   Γöé                        ^^
   Γöé
   = hint: using multiple consecutive stars (e.g. **) has no additional effect

warning: no text within stars
   ΓöîΓöÇ \\?\H:\Projects\modguides\rdr2-modlist\guide\02-wave0-guide.typ:26:2
   Γöé
26 Γöé - **Chapter 2 (Horseshoe Overlook):** Auto-paint on nearby enemies
   Γöé   ^^
   Γöé
   = hint: using multiple consecutive stars (e.g. **) has no additional effect

warning: no text within stars
   ΓöîΓöÇ \\?\H:\Projects\modguides\rdr2-modlist\guide\02-wave0-guide.typ:26:35
   Γöé
26 Γöé - **Chapter 2 (Horseshoe Overlook):** Auto-paint on nearby enemies
   Γöé                                    ^^
   Γöé
   = hint: using multiple consecutive stars (e.g. **) has no additional effect

warning: no text within stars
   ΓöîΓöÇ \\?\H:\Projects\modguides\rdr2-modlist\guide\02-wave0-guide.typ:27:2
   Γöé
27 Γöé - **Later chapters:** Critical shots and enhanced duration
   Γöé   ^^
   Γöé
   = hint: using multiple consecutive stars (e.g. **) has no additional effect

warning: no text within stars
   ΓöîΓöÇ \\?\H:\Projects\modguides\rdr2-modlist\guide\02-wave0-guide.typ:27:19
   Γöé
27 Γöé - **Later chapters:** Critical shots and enhanced duration
   Γöé                    ^^
   Γöé
   = hint: using multiple consecutive stars (e.g. **) has no additional effect

warning: no text within stars
   ΓöîΓöÇ \\?\H:\Projects\modguides\rdr2-modlist\guide\02-wave0-guide.typ:57:2
   Γöé
57 Γöé - **Pearson (Camp):** Upgrades satchel capacity, camp equipment
   Γöé   ^^
   Γöé
   = hint: using multiple consecutive stars (e.g. **) has no additional effect

warning: no text within stars
   ΓöîΓöÇ \\?\H:\Projects\modguides\rdr2-modlist\guide\02-wave0-guide.typ:57:19
   Γöé
57 Γöé - **Pearson (Camp):** Upgrades satchel capacity, camp equipment
   Γöé                    ^^
   Γöé
   = hint: using multiple consecutive stars (e.g. **) has no additional effect

warning: no text within stars
   ΓöîΓöÇ \\?\H:\Projects\modguides\rdr2-modlist\guide\02-wave0-guide.typ:58:2
   Γöé
58 Γöé - **Trapper (World):** Craft unique outfits and gear from legendary animal
   Γöé   ^^
   Γöé
   = hint: using multiple consecutive stars (e.g. **) has no additional effect

warning: no text within stars
   ΓöîΓöÇ \\?\H:\Projects\modguides\rdr2-modlist\guide\02-wave0-guide.typ:58:20
   Γöé
58 Γöé - **Trapper (World):** Craft unique outfits and gear from legendary animal
   Γöé                     ^^
   Γöé
   = hint: using multiple consecutive stars (e.g. **) has no additional effect

warning: no text within stars
   ΓöîΓöÇ \\?\H:\Projects\modguides\rdr2-modlist\guide\02-wave0-guide.typ:60:2
   Γöé
60 Γöé - **Campfire:** Cook meat for health/stamina/dead eye buffs; craft ammo,
   Γöé   ^^
   Γöé
   = hint: using multiple consecutive stars (e.g. **) has no additional effect

warning: no text within stars
   ΓöîΓöÇ \\?\H:\Projects\modguides\rdr2-modlist\guide\02-wave0-guide.typ:60:13
   Γöé
60 Γöé - **Campfire:** Cook meat for health/stamina/dead eye buffs; craft ammo,
   Γöé              ^^
   Γöé
   = hint: using multiple consecutive stars (e.g. **) has no additional effect

warning: no text within stars
   ΓöîΓöÇ \\?\H:\Projects\modguides\rdr2-modlist\guide\03-wave1-guide.typ:32:2
   Γöé
32 Γöé - **Moonshining:** Invest in the Moonshiner role early ΓÇö passive income
   Γöé   ^^
   Γöé
   = hint: using multiple consecutive stars (e.g. **) has no additional effect

warning: no text within stars
   ΓöîΓöÇ \\?\H:\Projects\modguides\rdr2-modlist\guide\03-wave1-guide.typ:32:16
   Γöé
32 Γöé - **Moonshining:** Invest in the Moonshiner role early ΓÇö passive income
   Γöé                 ^^
   Γöé
   = hint: using multiple consecutive stars (e.g. **) has no additional effect

warning: no text within stars
   ΓöîΓöÇ \\?\H:\Projects\modguides\rdr2-modlist\guide\03-wave1-guide.typ:33:2
   Γöé
33 Γöé - **Treasure Maps:** Every map found in the wild pays $150ΓÇô$400
   Γöé   ^^
   Γöé
   = hint: using multiple consecutive stars (e.g. **) has no additional effect

warning: no text within stars
   ΓöîΓöÇ \\?\H:\Projects\modguides\rdr2-modlist\guide\03-wave1-guide.typ:33:18
   Γöé
33 Γöé - **Treasure Maps:** Every map found in the wild pays $150ΓÇô$400
   Γöé                   ^^
   Γöé
   = hint: using multiple consecutive stars (e.g. **) has no additional effect

warning: no text within stars
   ΓöîΓöÇ \\?\H:\Projects\modguides\rdr2-modlist\guide\03-wave1-guide.typ:34:2
   Γöé
34 Γöé - **Bounty Hunting:** Bring targets in alive for double the reward
   Γöé   ^^
   Γöé
   = hint: using multiple consecutive stars (e.g. **) has no additional effect

warning: no text within stars
   ΓöîΓöÇ \\?\H:\Projects\modguides\rdr2-modlist\guide\03-wave1-guide.typ:34:19
   Γöé
34 Γöé - **Bounty Hunting:** Bring targets in alive for double the reward
   Γöé                    ^^
   Γöé
   = hint: using multiple consecutive stars (e.g. **) has no additional effect

warning: no text within stars
   ΓöîΓöÇ \\?\H:\Projects\modguides\rdr2-modlist\guide\03-wave1-guide.typ:35:2
   Γöé
35 Γöé - **Stagecoach Robberies:** Hit the ValentineΓÇôSaint Denis route for
   Γöé   ^^
   Γöé
   = hint: using multiple consecutive stars (e.g. **) has no additional effect

warning: no text within stars
   ΓöîΓöÇ \\?\H:\Projects\modguides\rdr2-modlist\guide\03-wave1-guide.typ:35:25
   Γöé
35 Γöé - **Stagecoach Robberies:** Hit the ValentineΓÇôSaint Denis route for
   Γöé                          ^^
   Γöé
   = hint: using multiple consecutive stars (e.g. **) has no additional effect

warning: no text within stars
   ΓöîΓöÇ \\?\H:\Projects\modguides\rdr2-modlist\guide\03-wave1-guide.typ:64:2
   Γöé
64 Γöé - **Resolution:** 1920x1080 or 2560x1440 (not 4K with heavy graphics mods)
   Γöé   ^^
   Γöé
   = hint: using multiple consecutive stars (e.g. **) has no additional effect

warning: no text within stars
   ΓöîΓöÇ \\?\H:\Projects\modguides\rdr2-modlist\guide\03-wave1-guide.typ:64:15
   Γöé
64 Γöé - **Resolution:** 1920x1080 or 2560x1440 (not 4K with heavy graphics mods)
   Γöé                ^^
   Γöé
   = hint: using multiple consecutive stars (e.g. **) has no additional effect

warning: no text within stars
   ΓöîΓöÇ \\?\H:\Projects\modguides\rdr2-modlist\guide\03-wave1-guide.typ:65:2
   Γöé
65 Γöé - **Texture Quality:** Ultra
   Γöé   ^^
   Γöé
   = hint: using multiple consecutive stars (e.g. **) has no additional effect

warning: no text within stars
   ΓöîΓöÇ \\?\H:\Projects\modguides\rdr2-modlist\guide\03-wave1-guide.typ:65:20
   Γöé
65 Γöé - **Texture Quality:** Ultra
   Γöé                     ^^
   Γöé
   = hint: using multiple consecutive stars (e.g. **) has no additional effect

warning: no text within stars
   ΓöîΓöÇ \\?\H:\Projects\modguides\rdr2-modlist\guide\03-wave1-guide.typ:66:2
   Γöé
66 Γöé - **Reflection Quality:** Medium
   Γöé   ^^
   Γöé
   = hint: using multiple consecutive stars (e.g. **) has no additional effect

warning: no text within stars
   ΓöîΓöÇ \\?\H:\Projects\modguides\rdr2-modlist\guide\03-wave1-guide.typ:66:23
   Γöé
66 Γöé - **Reflection Quality:** Medium
   Γöé                        ^^
   Γöé
   = hint: using multiple consecutive stars (e.g. **) has no additional effect

warning: no text within stars
   ΓöîΓöÇ \\?\H:\Projects\modguides\rdr2-modlist\guide\03-wave1-guide.typ:67:2
   Γöé
67 Γöé - **Water Quality:** Medium
   Γöé   ^^
   Γöé
   = hint: using multiple consecutive stars (e.g. **) has no additional effect

warning: no text within stars
   ΓöîΓöÇ \\?\H:\Projects\modguides\rdr2-modlist\guide\03-wave1-guide.typ:67:18
   Γöé
67 Γöé - **Water Quality:** Medium
   Γöé                   ^^
   Γöé
   = hint: using multiple consecutive stars (e.g. **) has no additional effect

warning: no text within stars
   ΓöîΓöÇ \\?\H:\Projects\modguides\rdr2-modlist\guide\03-wave1-guide.typ:68:2
   Γöé
68 Γöé - **Volumetrics:** Low
   Γöé   ^^
   Γöé
   = hint: using multiple consecutive stars (e.g. **) has no additional effect

warning: no text within stars
   ΓöîΓöÇ \\?\H:\Projects\modguides\rdr2-modlist\guide\03-wave1-guide.typ:68:16
   Γöé
68 Γöé - **Volumetrics:** Low
   Γöé                 ^^
   Γöé
   = hint: using multiple consecutive stars (e.g. **) has no additional effect

warning: no text within stars
   ΓöîΓöÇ \\?\H:\Projects\modguides\rdr2-modlist\guide\03-wave1-guide.typ:69:2
   Γöé
69 Γöé - **Tree Tessellation:** Off
   Γöé   ^^
   Γöé
   = hint: using multiple consecutive stars (e.g. **) has no additional effect

warning: no text within stars
   ΓöîΓöÇ \\?\H:\Projects\modguides\rdr2-modlist\guide\03-wave1-guide.typ:69:22
   Γöé
69 Γöé - **Tree Tessellation:** Off
   Γöé                       ^^
   Γöé
   = hint: using multiple consecutive stars (e.g. **) has no additional effect

